<?xml version="1.0" encoding="utf-8"?><testsuites name="pytest tests"><testsuite name="pytest" errors="0" failures="0" skipped="0" tests="65" time="39.272" timestamp="2026-09-16T19:19:48.996243+05:30" hostname="SYSTMM"><testcase classname="tests.test_adapters" name="test_provider_normalizes_completed_only" time="0.005" /><testcase classname="tests.test_adapters" name="test_provider_auth_and_missing" time="0.100" /><testcase classname="tests.test_adapters" name="test_provider_bounded_retries" time="0.002" /><testcase classname="tests.test_adapters" name="test_sdk_response_handling[valid]" time="2.370" /><testcase classname="tests.test_adapters" name="test_sdk_response_handling[wrong]" time="0.438" /><testcase classname="tests.test_adapters" name="test_sdk_response_handling[refusal]" time="0.425" /><testcase classname="tests.test_adapters" name="test_sdk_response_handling[timeout]" time="0.430" /><testcase classname="tests.test_adapters" name="test_sdk_response_handling[malformed]" time="0.421" /><testcase classname="tests.test_adapters" name="test_worker_blocks_unverified" time="0.060" /><testcase classname="tests.test_adapters" name="test_invalid_budget_cannot_allow_paid_request[NaN]" time="0.363" /><testcase classname="tests.test_adapters" name="test_invalid_budget_cannot_allow_paid_request[Infinity]" time="0.358" /><testcase classname="tests.test_adapters" name="test_invalid_budget_cannot_allow_paid_request[-1]" time="0.356" /><testcase classname="tests.test_additional" name="test_missing_final_bar_blocks_next_day" time="0.297" /><testcase classname="tests.test_additional" name="test_memory_bound_includes_losses_excludes_unknown" time="0.342" /><testcase classname="tests.test_additional" name="test_pending_reservations_and_stale_marks" time="0.365" /><testcase classname="tests.test_additional" name="test_worker_offline_catchup_no_retroactive_entry" time="0.434" /><testcase classname="tests.test_additional" name="test_calendar_library_regular_and_holiday" time="1.107" /><testcase classname="tests.test_additional" name="test_daily_trade_limit_and_session_cutoff" time="0.356" /><testcase classname="tests.test_additional" name="test_independent_cash_report_numbers" time="0.386" /><testcase classname="tests.test_additional" name="test_missing_exit_observation_preserves_position" time="0.386" /><testcase classname="tests.test_core" name="test_indicator_known_fixture" time="0.004" /><testcase classname="tests.test_core" name="test_exclude_current_and_determinism" time="0.005" /><testcase classname="tests.test_core" name="test_candle_validation[change0]" time="0.005" /><testcase classname="tests.test_core" name="test_candle_validation[change1]" time="0.006" /><testcase classname="tests.test_core" name="test_candle_validation[change2]" time="0.005" /><testcase classname="tests.test_core" name="test_candle_validation[change3]" time="0.004" /><testcase classname="tests.test_core" name="test_candle_validation[change4]" time="0.004" /><testcase classname="tests.test_core" name="test_candle_validation[change5]" time="0.006" /><testcase classname="tests.test_core" name="test_csv_row_errors_and_missing_volume" time="0.006" /><testcase classname="tests.test_core" name="test_duplicates_order_and_gap" time="0.044" /><testcase classname="tests.test_core" name="test_size_independent_boundaries" time="0.001" /><testcase classname="tests.test_core" name="test_complete_offline_restart_and_reconcile" time="0.537" /><testcase classname="tests.test_core" name="test_double_concurrent_approval" time="0.353" /><testcase classname="tests.test_core" name="test_expiry_revision_rejection" time="0.341" /><testcase classname="tests.test_core" name="test_gap_and_both_stop_first" time="0.656" /><testcase classname="tests.test_core" name="test_original_level_crossed_and_cash_released" time="0.350" /><testcase classname="tests.test_core" name="test_pause_keeps_exits" time="0.369" /><testcase classname="tests.test_core" name="test_latched_halt_and_exit_during_ai_failure" time="0.395" /><testcase classname="tests.test_core" name="test_failed_mock_blocks_entries" time="0.438" /><testcase classname="tests.test_core" name="test_memory_immutable_future_safe" time="0.446" /><testcase classname="tests.test_core" name="test_strict_ai_schema" time="0.001" /><testcase classname="tests.test_core" name="test_budget_missing_key_and_no_request" time="0.424" /><testcase classname="tests.test_core" name="test_modes_isolated_and_deterministic" time="2.333" /><testcase classname="tests.test_core" name="test_backup_restore_and_exports" time="0.418" /><testcase classname="tests.test_core" name="test_zero_trade_metrics" time="0.082" /><testcase classname="tests.test_core" name="test_transaction_rolls_back" time="0.337" /><testcase classname="tests.test_core" name="test_calendar_holiday_rejected" time="0.032" /><testcase classname="tests.test_research" name="test_timestamped_evidence_and_snapshot_freeze" time="0.353" /><testcase classname="tests.test_research" name="test_research_validation[change0]" time="0.002" /><testcase classname="tests.test_research" name="test_research_validation[change1]" time="0.002" /><testcase classname="tests.test_research" name="test_research_validation[change2]" time="0.002" /><testcase classname="tests.test_research" name="test_research_validation[change3]" time="0.002" /><testcase classname="tests.test_research" name="test_research_validation[change4]" time="0.001" /><testcase classname="tests.test_research" name="test_import_atomic_and_no_forward_backdating" time="0.075" /><testcase classname="tests.test_research" name="test_regime_prior_only_and_warmup" time="0.005" /><testcase classname="tests.test_research" name="test_research_does_not_change_default_fills" time="1.184" /><testcase classname="tests.test_research" name="test_opt_in_regime_gate_changes_version_not_risk" time="1.151" /><testcase classname="tests.test_research" name="test_saved_experiment_reproducibility_and_no_paid_calls" time="4.003" /><testcase classname="tests.test_research" name="test_period_end_does_not_leak_future_cash_or_closed_positions" time="1.299" /><testcase classname="tests.test_research" name="test_saved_expense_no_cash_change_and_idempotency" time="0.392" /><testcase classname="tests.test_research" name="test_schema_one_upgrade_and_backup" time="0.093" /><testcase classname="tests.test_research" name="test_worker_slow_fetch_uses_receive_time" time="0.406" /><testcase classname="tests.test_research" name="test_worker_lost_lease_cannot_clear_other_owner" time="0.092" /><testcase classname="tests.test_ui" name="test_ui_offline_workflow" time="4.742" /><testcase classname="tests.test_ui" name="test_ui_saved_experiment_survives_session" time="7.430" /></testsuite></testsuites>